Title                                                                                                                                                                                                    Publisher                                                                                           
-------------------------------------------------------------------------------------------------------------------------------------------------------------------------------------------------------- ----------------------------------------------------------------------------------------------------
KÃ¼rk Mantolu Madonna                                                                                                                                                                                    YapÄ± Kredi YayÄ±nlarÄ±                                                                             
KuyucaklÄ± Yusuf                                                                                                                                                                                         YapÄ± Kredi YayÄ±nlarÄ±                                                                             
Ä°Ã§imizdeki Åeytan                                                                                                                                                                                     YapÄ± Kredi YayÄ±nlarÄ±                                                                             

(3 rows affected)
